// Jest Snapshot v1, https://goo.gl/fbAQLP

exports[`renders homepage unchanged 1`] = `
<div>
  <div>
    <div
      class="mb-5"
    >
      <div
        class="container text-center py-12"
      >
        <h1
          class="text-5xl mb-3"
        >
          Design System Starter Kit
        </h1>
        <p
          class="text-gray-500"
        >
          Get started building your own design system today.
        </p>
      </div>
    </div>
    <main>
      <div
        class="container "
      >
        <div
          class="sm:grid sm:grid-cols-3 sm:gap-4 space-y-3 sm:space-y-0 mb-5"
        >
          <div
            class="flex-col text-center items-center"
          >
            <svg
              class="w-28 h-28 m-auto mb-5"
              fill="none"
              stroke="currentColor"
              viewBox="0 0 24 24"
              xmlns="http://www.w3.org/2000/svg"
            >
              <path
                d="M4 7v10c0 2.21 3.582 4 8 4s8-1.79 8-4V7M4 7c0 2.21 3.582 4 8 4s8-1.79 8-4M4 7c0-2.21 3.582-4 8-4s8 1.79 8 4m0 5c0 2.21-3.582 4-8 4s-8-1.79-8-4"
                stroke-linecap="round"
                stroke-linejoin="round"
                stroke-width="2"
              />
            </svg>
            <h2
              class="mb-3"
            >
              Design Tokens
            </h2>
            <p>
              Style Dictionary manages your design tokens
            </p>
          </div>
          <div
            class="flex-col text-center items-center"
          >
            <svg
              class="w-28 h-28 m-auto mb-5"
              fill="none"
              stroke="currentColor"
              viewBox="0 0 24 24"
              xmlns="http://www.w3.org/2000/svg"
            >
              <path
                d="M10 20l4-16m4 4l4 4-4 4M6 16l-4-4 4-4"
                stroke-linecap="round"
                stroke-linejoin="round"
                stroke-width="2"
              />
            </svg>
            <h2
              class="mb-3"
            >
              Production Ready
            </h2>
            <p>
              Built using Next.js and Tailwind CSS
            </p>
          </div>
          <div
            class="flex-col text-center items-center"
          >
            <svg
              class="w-28 h-28 m-auto mb-5"
              fill="none"
              stroke="currentColor"
              viewBox="0 0 24 24"
              xmlns="http://www.w3.org/2000/svg"
            >
              <path
                d="M20 7l-8-4-8 4m16 0l-8 4m8-4v10l-8 4m0-10L4 7m8 4v10M4 7v10l8 4"
                stroke-linecap="round"
                stroke-linejoin="round"
                stroke-width="2"
              />
            </svg>
            <h2
              class="mb-3"
            >
              TypeScript
            </h2>
            <p>
              Components are TypeScript compatible
            </p>
          </div>
        </div>
      </div>
    </main>
    <div
      class="text-center py-8"
    >
      <div
        class="container "
      >
        <p
          class="text-gray-500"
        >
          Built by Nathan Edwards
        </p>
      </div>
    </div>
  </div>
</div>
`;
